2025-04-29 16:30:21,043 - INFO - [MainThread] [<module>] - ============================================================
2025-04-29 16:30:21,043 - INFO - [MainThread] [<module>] - Logging configured. Level: INFO. Log file: Selenium-Logs\app_20250429_163021.log
2025-04-29 16:30:21,043 - INFO - [MainThread] [<module>] - Primary Chat ID: -4603853425
2025-04-29 16:30:21,043 - INFO - [MainThread] [<module>] - All Target Chat IDs: ['-4603853425']
2025-04-29 16:30:21,043 - INFO - [MainThread] [<module>] - Chunk Size: 41943040 bytes
2025-04-29 16:30:21,043 - INFO - [MainThread] [<module>] - API Timeouts (Connect/Read): 10s / 60s
2025-04-29 16:30:21,043 - INFO - [MainThread] [<module>] - API Retries: 3 attempts, 2s delay
2025-04-29 16:30:21,043 - INFO - [MainThread] [<module>] - Max Upload Workers: 3
2025-04-29 16:30:21,043 - INFO - [MainThread] [<module>] - Max Download Workers: 12
2025-04-29 16:30:21,043 - INFO - [MainThread] [<module>] - ============================================================
2025-04-29 16:30:21,043 - INFO - [MainThread] [<module>] - Configuration loaded successfully.
2025-04-29 16:30:21,043 - INFO - [MainThread] [<module>] - Utility functions defined.
2025-04-29 16:30:21,059 - INFO - [MainThread] [<module>] - Custom Jinja filter 'format_bytes' registered.
2025-04-29 16:30:21,059 - INFO - [MainThread] [<module>] - Flask-CORS initialized. Allowing origins: http://localhost:4200
2025-04-29 16:30:21,059 - INFO - [MainThread] [<module>] - Flask application initialized.
2025-04-29 16:30:21,059 - INFO - [MainThread] [<module>] - Global state variables initialized (upload_progress_data, download_prep_data).
2025-04-29 16:30:21,059 - INFO - [MainThread] [<module>] - Custom Jinja filter 'format_bytes' registered.
2025-04-29 16:30:21,059 - INFO - [MainThread] [<module>] - Flask-CORS initialized. Allowing origins: http://localhost:4200
2025-04-29 16:30:21,059 - INFO - [MainThread] [<module>] - Flask application initialized.
2025-04-29 16:30:21,059 - INFO - [MainThread] [<module>] - Global state variables initialized (upload_progress_data, download_prep_data).
2025-04-29 16:30:21,561 - INFO - [MainThread] [<module>] - Initialized requests.Session for Telegram API calls.
2025-04-29 16:30:21,561 - INFO - [MainThread] [<module>] - Telegram API functions defined with Session and Retries.
2025-04-29 16:30:21,561 - INFO - [MainThread] [<module>] - Flask routes defined using configurable workers and linter fixes.
2025-04-29 16:30:21,561 - INFO - [MainThread] [<module>] - Starting Flask development server...
2025-04-29 16:30:21,628 - INFO - [MainThread] [_log] - [31m[1mWARNING: This is a development server. Do not use it in a production deployment. Use a production WSGI server instead.[0m
 * Running on all addresses (0.0.0.0)
 * Running on http://127.0.0.1:5000
 * Running on http://192.168.1.13:5000
2025-04-29 16:30:21,628 - INFO - [MainThread] [_log] - [33mPress CTRL+C to quit[0m
2025-04-29 16:30:21,628 - INFO - [MainThread] [_log] -  * Restarting with stat
2025-04-29 16:30:21,940 - INFO - [MainThread] [<module>] - ============================================================
2025-04-29 16:30:21,940 - INFO - [MainThread] [<module>] - Logging configured. Level: INFO. Log file: Selenium-Logs\app_20250429_163021.log
2025-04-29 16:30:21,956 - INFO - [MainThread] [<module>] - Primary Chat ID: -4603853425
2025-04-29 16:30:21,956 - INFO - [MainThread] [<module>] - All Target Chat IDs: ['-4603853425']
2025-04-29 16:30:21,956 - INFO - [MainThread] [<module>] - Chunk Size: 41943040 bytes
2025-04-29 16:30:21,956 - INFO - [MainThread] [<module>] - API Timeouts (Connect/Read): 10s / 60s
2025-04-29 16:30:21,956 - INFO - [MainThread] [<module>] - API Retries: 3 attempts, 2s delay
2025-04-29 16:30:21,956 - INFO - [MainThread] [<module>] - Max Upload Workers: 3
2025-04-29 16:30:21,956 - INFO - [MainThread] [<module>] - Max Download Workers: 12
2025-04-29 16:30:21,956 - INFO - [MainThread] [<module>] - ============================================================
2025-04-29 16:30:21,956 - INFO - [MainThread] [<module>] - Configuration loaded successfully.
2025-04-29 16:30:21,956 - INFO - [MainThread] [<module>] - Utility functions defined.
2025-04-29 16:30:21,956 - INFO - [MainThread] [<module>] - Custom Jinja filter 'format_bytes' registered.
2025-04-29 16:30:21,956 - INFO - [MainThread] [<module>] - Flask-CORS initialized. Allowing origins: http://localhost:4200
2025-04-29 16:30:21,956 - INFO - [MainThread] [<module>] - Flask application initialized.
2025-04-29 16:30:21,962 - INFO - [MainThread] [<module>] - Global state variables initialized (upload_progress_data, download_prep_data).
2025-04-29 16:30:21,964 - INFO - [MainThread] [<module>] - Custom Jinja filter 'format_bytes' registered.
2025-04-29 16:30:21,965 - INFO - [MainThread] [<module>] - Flask-CORS initialized. Allowing origins: http://localhost:4200
2025-04-29 16:30:21,967 - INFO - [MainThread] [<module>] - Flask application initialized.
2025-04-29 16:30:21,968 - INFO - [MainThread] [<module>] - Global state variables initialized (upload_progress_data, download_prep_data).
2025-04-29 16:30:22,406 - INFO - [MainThread] [<module>] - Initialized requests.Session for Telegram API calls.
2025-04-29 16:30:22,406 - INFO - [MainThread] [<module>] - Telegram API functions defined with Session and Retries.
2025-04-29 16:30:22,406 - INFO - [MainThread] [<module>] - Flask routes defined using configurable workers and linter fixes.
2025-04-29 16:30:22,406 - INFO - [MainThread] [<module>] - Starting Flask development server...
2025-04-29 16:30:22,451 - WARNING - [MainThread] [_log] -  * Debugger is active!
2025-04-29 16:30:22,451 - INFO - [MainThread] [_log] -  * Debugger PIN: 107-410-311
2025-04-29 16:30:26,236 - INFO - [Thread-2 (process_request_thread)] [stream_progress] - SSE connect request for upload_id: 718f9569-c1f7-4e80-863a-2108fbb91494
2025-04-29 16:30:26,237 - WARNING - [Thread-2 (process_request_thread)] [stream_progress] - Upload ID '718f9569-c1f7-4e80-863a-2108fbb91494' unknown or finalized (Status:unknown).
2025-04-29 16:30:26,237 - INFO - [Thread-2 (process_request_thread)] [_log] - 192.168.1.25 - - [29/Apr/2025 16:30:26] "GET /stream-progress/718f9569-c1f7-4e80-863a-2108fbb91494 HTTP/1.1" 200 -
2025-04-29 16:30:29,271 - INFO - [Thread-3 (process_request_thread)] [stream_progress] - SSE connect request for upload_id: 718f9569-c1f7-4e80-863a-2108fbb91494
2025-04-29 16:30:29,271 - WARNING - [Thread-3 (process_request_thread)] [stream_progress] - Upload ID '718f9569-c1f7-4e80-863a-2108fbb91494' unknown or finalized (Status:unknown).
2025-04-29 16:30:29,272 - INFO - [Thread-3 (process_request_thread)] [_log] - 192.168.1.25 - - [29/Apr/2025 16:30:29] "GET /stream-progress/718f9569-c1f7-4e80-863a-2108fbb91494 HTTP/1.1" 200 -
2025-04-29 16:30:32,288 - INFO - [Thread-4 (process_request_thread)] [stream_progress] - SSE connect request for upload_id: 718f9569-c1f7-4e80-863a-2108fbb91494
2025-04-29 16:30:32,288 - WARNING - [Thread-4 (process_request_thread)] [stream_progress] - Upload ID '718f9569-c1f7-4e80-863a-2108fbb91494' unknown or finalized (Status:unknown).
2025-04-29 16:30:32,288 - INFO - [Thread-4 (process_request_thread)] [_log] - 192.168.1.25 - - [29/Apr/2025 16:30:32] "GET /stream-progress/718f9569-c1f7-4e80-863a-2108fbb91494 HTTP/1.1" 200 -
2025-04-29 16:30:35,323 - INFO - [Thread-5 (process_request_thread)] [stream_progress] - SSE connect request for upload_id: 718f9569-c1f7-4e80-863a-2108fbb91494
2025-04-29 16:30:35,324 - WARNING - [Thread-5 (process_request_thread)] [stream_progress] - Upload ID '718f9569-c1f7-4e80-863a-2108fbb91494' unknown or finalized (Status:unknown).
2025-04-29 16:30:35,324 - INFO - [Thread-5 (process_request_thread)] [_log] - 192.168.1.25 - - [29/Apr/2025 16:30:35] "GET /stream-progress/718f9569-c1f7-4e80-863a-2108fbb91494 HTTP/1.1" 200 -
2025-04-29 16:30:37,283 - INFO - [Thread-6 (process_request_thread)] [initiate_upload] - Request initiate upload.
2025-04-29 16:30:37,742 - INFO - [Thread-6 (process_request_thread)] [initiate_upload] - [8ee0a847-4cdb-4ab2-84f5-485b2f1e4709] Temp storage: uploads_temp\8ee0a847-4cdb-4ab2-84f5-485b2f1e4709_WindsurfUserSetup-x64-1.7.1 (1).exe
2025-04-29 16:30:37,921 - INFO - [Thread-6 (process_request_thread)] [initiate_upload] - [8ee0a847-4cdb-4ab2-84f5-485b2f1e4709] Temp saved: 'WindsurfUserSetup-x64-1.7.1 (1).exe'.
2025-04-29 16:30:37,933 - INFO - [Thread-6 (process_request_thread)] [_log] - 127.0.0.1 - - [29/Apr/2025 16:30:37] "POST /initiate-upload HTTP/1.1" 200 -
2025-04-29 16:30:37,939 - INFO - [Thread-7 (process_request_thread)] [stream_progress] - SSE connect request for upload_id: 8ee0a847-4cdb-4ab2-84f5-485b2f1e4709
2025-04-29 16:30:37,940 - INFO - [Thread-7 (process_request_thread)] [process_upload_and_generate_updates] - [8ee0a847-4cdb-4ab2-84f5-485b2f1e4709] Starting processing generator...
2025-04-29 16:30:37,941 - INFO - [Thread-7 (process_request_thread)] [process_upload_and_generate_updates] - [8ee0a847-4cdb-4ab2-84f5-485b2f1e4709] Processing: User='ELENA', File='WindsurfUserSetup-x64-1.7.1 (1).exe'
2025-04-29 16:30:37,941 - INFO - [Thread-7 (process_request_thread)] [_log] - 127.0.0.1 - - [29/Apr/2025 16:30:37] "GET /stream-progress/8ee0a847-4cdb-4ab2-84f5-485b2f1e4709 HTTP/1.1" 200 -
2025-04-29 16:30:37,942 - INFO - [Thread-7 (process_request_thread)] [process_upload_and_generate_updates] - [8ee0a847-4cdb-4ab2-84f5-485b2f1e4709] Access ID: d16df2e225
2025-04-29 16:30:37,942 - INFO - [Thread-7 (process_request_thread)] [process_upload_and_generate_updates] - [8ee0a847-4cdb-4ab2-84f5-485b2f1e4709] Large file workflow.
2025-04-29 16:30:38,346 - INFO - [Thread-8 (process_request_thread)] [stream_progress] - SSE connect request for upload_id: 718f9569-c1f7-4e80-863a-2108fbb91494
2025-04-29 16:30:38,346 - WARNING - [Thread-8 (process_request_thread)] [stream_progress] - Upload ID '718f9569-c1f7-4e80-863a-2108fbb91494' unknown or finalized (Status:unknown).
2025-04-29 16:30:38,347 - INFO - [Thread-8 (process_request_thread)] [_log] - 192.168.1.25 - - [29/Apr/2025 16:30:38] "GET /stream-progress/718f9569-c1f7-4e80-863a-2108fbb91494 HTTP/1.1" 200 -
2025-04-29 16:30:41,378 - INFO - [Thread-9 (process_request_thread)] [stream_progress] - SSE connect request for upload_id: 718f9569-c1f7-4e80-863a-2108fbb91494
2025-04-29 16:30:41,378 - WARNING - [Thread-9 (process_request_thread)] [stream_progress] - Upload ID '718f9569-c1f7-4e80-863a-2108fbb91494' unknown or finalized (Status:unknown).
2025-04-29 16:30:41,378 - INFO - [Thread-9 (process_request_thread)] [_log] - 192.168.1.25 - - [29/Apr/2025 16:30:41] "GET /stream-progress/718f9569-c1f7-4e80-863a-2108fbb91494 HTTP/1.1" 200 -
2025-04-29 16:30:42,197 - INFO - [Thread-7 (process_request_thread)] [process_upload_and_generate_updates] - [8ee0a847-4cdb-4ab2-84f5-485b2f1e4709] Compressed to 136492940 bytes in 4.25s.
2025-04-29 16:30:42,246 - INFO - [Thread-7 (process_request_thread)] [process_upload_and_generate_updates] - [8ee0a847-4cdb-4ab2-84f5-485b2f1e4709] Read chunk 1 (41943040 bytes). Name: 'WindsurfUserSetup-x64-1.7.1 (1).zip.part_001'
2025-04-29 16:30:42,247 - INFO - [Thread-7 (process_request_thread)] [_send_chunk_task] - [8ee0a847-4cdb-4ab2-84f5-485b2f1e4709] T> Sending chunk 1 ('WindsurfUserSetup-x64-1.7.1 (1).zip.part_001') to -4603853425
2025-04-29 16:30:42,247 - INFO - [Thread-7 (process_request_thread)] [send_file_to_telegram] - [ChatID -4603853425, File 'WindsurfUserSetup-x64-1.7.1 (1).zip.part_001'] Attempting send.
2025-04-29 16:30:44,410 - INFO - [Thread-10 (process_request_thread)] [stream_progress] - SSE connect request for upload_id: 718f9569-c1f7-4e80-863a-2108fbb91494
2025-04-29 16:30:44,411 - WARNING - [Thread-10 (process_request_thread)] [stream_progress] - Upload ID '718f9569-c1f7-4e80-863a-2108fbb91494' unknown or finalized (Status:unknown).
2025-04-29 16:30:44,412 - INFO - [Thread-10 (process_request_thread)] [_log] - 192.168.1.25 - - [29/Apr/2025 16:30:44] "GET /stream-progress/718f9569-c1f7-4e80-863a-2108fbb91494 HTTP/1.1" 200 -
2025-04-29 16:30:47,445 - INFO - [Thread-11 (process_request_thread)] [stream_progress] - SSE connect request for upload_id: 718f9569-c1f7-4e80-863a-2108fbb91494
2025-04-29 16:30:47,445 - WARNING - [Thread-11 (process_request_thread)] [stream_progress] - Upload ID '718f9569-c1f7-4e80-863a-2108fbb91494' unknown or finalized (Status:unknown).
2025-04-29 16:30:47,445 - INFO - [Thread-11 (process_request_thread)] [_log] - 192.168.1.25 - - [29/Apr/2025 16:30:47] "GET /stream-progress/718f9569-c1f7-4e80-863a-2108fbb91494 HTTP/1.1" 200 -
2025-04-29 16:30:50,460 - INFO - [Thread-12 (process_request_thread)] [stream_progress] - SSE connect request for upload_id: 718f9569-c1f7-4e80-863a-2108fbb91494
2025-04-29 16:30:50,475 - WARNING - [Thread-12 (process_request_thread)] [stream_progress] - Upload ID '718f9569-c1f7-4e80-863a-2108fbb91494' unknown or finalized (Status:unknown).
2025-04-29 16:30:50,475 - INFO - [Thread-12 (process_request_thread)] [_log] - 192.168.1.25 - - [29/Apr/2025 16:30:50] "GET /stream-progress/718f9569-c1f7-4e80-863a-2108fbb91494 HTTP/1.1" 200 -
2025-04-29 16:30:53,504 - INFO - [Thread-13 (process_request_thread)] [stream_progress] - SSE connect request for upload_id: 718f9569-c1f7-4e80-863a-2108fbb91494
2025-04-29 16:30:53,504 - WARNING - [Thread-13 (process_request_thread)] [stream_progress] - Upload ID '718f9569-c1f7-4e80-863a-2108fbb91494' unknown or finalized (Status:unknown).
2025-04-29 16:30:53,504 - INFO - [Thread-13 (process_request_thread)] [_log] - 192.168.1.25 - - [29/Apr/2025 16:30:53] "GET /stream-progress/718f9569-c1f7-4e80-863a-2108fbb91494 HTTP/1.1" 200 -
2025-04-29 16:30:56,523 - INFO - [Thread-14 (process_request_thread)] [stream_progress] - SSE connect request for upload_id: 718f9569-c1f7-4e80-863a-2108fbb91494
2025-04-29 16:30:56,523 - WARNING - [Thread-14 (process_request_thread)] [stream_progress] - Upload ID '718f9569-c1f7-4e80-863a-2108fbb91494' unknown or finalized (Status:unknown).
2025-04-29 16:30:56,523 - INFO - [Thread-14 (process_request_thread)] [_log] - 192.168.1.25 - - [29/Apr/2025 16:30:56] "GET /stream-progress/718f9569-c1f7-4e80-863a-2108fbb91494 HTTP/1.1" 200 -
2025-04-29 16:30:56,699 - INFO - [Thread-7 (process_request_thread)] [send_file_to_telegram] - [ChatID -4603853425, File 'WindsurfUserSetup-x64-1.7.1 (1).zip.part_001'] API success (Attempt 1).
2025-04-29 16:30:56,703 - INFO - [Thread-7 (process_request_thread)] [_send_chunk_task] - [8ee0a847-4cdb-4ab2-84f5-485b2f1e4709] T> Sent chunk 1 to -4603853425. Success: True
2025-04-29 16:30:56,733 - INFO - [Thread-7 (process_request_thread)] [process_upload_and_generate_updates] - [8ee0a847-4cdb-4ab2-84f5-485b2f1e4709] Read chunk 2 (41943040 bytes). Name: 'WindsurfUserSetup-x64-1.7.1 (1).zip.part_002'
2025-04-29 16:30:56,734 - INFO - [Thread-7 (process_request_thread)] [_send_chunk_task] - [8ee0a847-4cdb-4ab2-84f5-485b2f1e4709] T> Sending chunk 2 ('WindsurfUserSetup-x64-1.7.1 (1).zip.part_002') to -4603853425
2025-04-29 16:30:56,734 - INFO - [Thread-7 (process_request_thread)] [send_file_to_telegram] - [ChatID -4603853425, File 'WindsurfUserSetup-x64-1.7.1 (1).zip.part_002'] Attempting send.
2025-04-29 16:30:59,544 - INFO - [Thread-15 (process_request_thread)] [stream_progress] - SSE connect request for upload_id: 718f9569-c1f7-4e80-863a-2108fbb91494
2025-04-29 16:30:59,544 - WARNING - [Thread-15 (process_request_thread)] [stream_progress] - Upload ID '718f9569-c1f7-4e80-863a-2108fbb91494' unknown or finalized (Status:unknown).
2025-04-29 16:30:59,544 - INFO - [Thread-15 (process_request_thread)] [_log] - 192.168.1.25 - - [29/Apr/2025 16:30:59] "GET /stream-progress/718f9569-c1f7-4e80-863a-2108fbb91494 HTTP/1.1" 200 -
2025-04-29 16:31:02,565 - INFO - [Thread-16 (process_request_thread)] [stream_progress] - SSE connect request for upload_id: 718f9569-c1f7-4e80-863a-2108fbb91494
2025-04-29 16:31:02,566 - WARNING - [Thread-16 (process_request_thread)] [stream_progress] - Upload ID '718f9569-c1f7-4e80-863a-2108fbb91494' unknown or finalized (Status:unknown).
2025-04-29 16:31:02,567 - INFO - [Thread-16 (process_request_thread)] [_log] - 192.168.1.25 - - [29/Apr/2025 16:31:02] "GET /stream-progress/718f9569-c1f7-4e80-863a-2108fbb91494 HTTP/1.1" 200 -
2025-04-29 16:31:05,592 - INFO - [Thread-17 (process_request_thread)] [stream_progress] - SSE connect request for upload_id: 718f9569-c1f7-4e80-863a-2108fbb91494
2025-04-29 16:31:05,593 - WARNING - [Thread-17 (process_request_thread)] [stream_progress] - Upload ID '718f9569-c1f7-4e80-863a-2108fbb91494' unknown or finalized (Status:unknown).
2025-04-29 16:31:05,595 - INFO - [Thread-17 (process_request_thread)] [_log] - 192.168.1.25 - - [29/Apr/2025 16:31:05] "GET /stream-progress/718f9569-c1f7-4e80-863a-2108fbb91494 HTTP/1.1" 200 -
2025-04-29 16:31:06,768 - WARNING - [Thread-7 (process_request_thread)] [send_file_to_telegram] - [ChatID -4603853425, File 'WindsurfUserSetup-x64-1.7.1 (1).zip.part_002'] Connection error attempt 1: HTTPSConnectionPool(host='api.telegram.org', port=443): Max retries exceeded with url: /bot7812479394:AAFrzOcHGKfc-1iOUbVEkptJkooaJrXHAxs/sendDocument (Caused by SSLError(SSLWantWriteError(3, 'The operation did not complete (write) (_ssl.c:2427)')))
2025-04-29 16:31:06,769 - INFO - [Thread-7 (process_request_thread)] [send_file_to_telegram] - [ChatID -4603853425, File 'WindsurfUserSetup-x64-1.7.1 (1).zip.part_002'] Retrying in 2s...
2025-04-29 16:31:08,625 - INFO - [Thread-18 (process_request_thread)] [stream_progress] - SSE connect request for upload_id: 718f9569-c1f7-4e80-863a-2108fbb91494
2025-04-29 16:31:08,625 - WARNING - [Thread-18 (process_request_thread)] [stream_progress] - Upload ID '718f9569-c1f7-4e80-863a-2108fbb91494' unknown or finalized (Status:unknown).
2025-04-29 16:31:08,625 - INFO - [Thread-18 (process_request_thread)] [_log] - 192.168.1.25 - - [29/Apr/2025 16:31:08] "GET /stream-progress/718f9569-c1f7-4e80-863a-2108fbb91494 HTTP/1.1" 200 -
2025-04-29 16:31:11,660 - INFO - [Thread-19 (process_request_thread)] [stream_progress] - SSE connect request for upload_id: 718f9569-c1f7-4e80-863a-2108fbb91494
2025-04-29 16:31:11,660 - WARNING - [Thread-19 (process_request_thread)] [stream_progress] - Upload ID '718f9569-c1f7-4e80-863a-2108fbb91494' unknown or finalized (Status:unknown).
2025-04-29 16:31:11,660 - INFO - [Thread-19 (process_request_thread)] [_log] - 192.168.1.25 - - [29/Apr/2025 16:31:11] "GET /stream-progress/718f9569-c1f7-4e80-863a-2108fbb91494 HTTP/1.1" 200 -
2025-04-29 16:31:14,680 - INFO - [Thread-20 (process_request_thread)] [stream_progress] - SSE connect request for upload_id: 718f9569-c1f7-4e80-863a-2108fbb91494
2025-04-29 16:31:14,680 - WARNING - [Thread-20 (process_request_thread)] [stream_progress] - Upload ID '718f9569-c1f7-4e80-863a-2108fbb91494' unknown or finalized (Status:unknown).
2025-04-29 16:31:14,680 - INFO - [Thread-20 (process_request_thread)] [_log] - 192.168.1.25 - - [29/Apr/2025 16:31:14] "GET /stream-progress/718f9569-c1f7-4e80-863a-2108fbb91494 HTTP/1.1" 200 -
2025-04-29 16:31:17,711 - INFO - [Thread-21 (process_request_thread)] [stream_progress] - SSE connect request for upload_id: 718f9569-c1f7-4e80-863a-2108fbb91494
2025-04-29 16:31:17,711 - WARNING - [Thread-21 (process_request_thread)] [stream_progress] - Upload ID '718f9569-c1f7-4e80-863a-2108fbb91494' unknown or finalized (Status:unknown).
2025-04-29 16:31:17,711 - INFO - [Thread-21 (process_request_thread)] [_log] - 192.168.1.25 - - [29/Apr/2025 16:31:17] "GET /stream-progress/718f9569-c1f7-4e80-863a-2108fbb91494 HTTP/1.1" 200 -
2025-04-29 16:31:19,151 - WARNING - [Thread-7 (process_request_thread)] [send_file_to_telegram] - [ChatID -4603853425, File 'WindsurfUserSetup-x64-1.7.1 (1).zip.part_002'] Connection error attempt 2: HTTPSConnectionPool(host='api.telegram.org', port=443): Max retries exceeded with url: /bot7812479394:AAFrzOcHGKfc-1iOUbVEkptJkooaJrXHAxs/sendDocument (Caused by SSLError(SSLWantWriteError(3, 'The operation did not complete (write) (_ssl.c:2427)')))
2025-04-29 16:31:19,151 - INFO - [Thread-7 (process_request_thread)] [send_file_to_telegram] - [ChatID -4603853425, File 'WindsurfUserSetup-x64-1.7.1 (1).zip.part_002'] Retrying in 2s...
2025-04-29 16:31:20,731 - INFO - [Thread-22 (process_request_thread)] [stream_progress] - SSE connect request for upload_id: 718f9569-c1f7-4e80-863a-2108fbb91494
2025-04-29 16:31:20,731 - WARNING - [Thread-22 (process_request_thread)] [stream_progress] - Upload ID '718f9569-c1f7-4e80-863a-2108fbb91494' unknown or finalized (Status:unknown).
2025-04-29 16:31:20,731 - INFO - [Thread-22 (process_request_thread)] [_log] - 192.168.1.25 - - [29/Apr/2025 16:31:20] "GET /stream-progress/718f9569-c1f7-4e80-863a-2108fbb91494 HTTP/1.1" 200 -
2025-04-29 16:31:23,743 - INFO - [Thread-23 (process_request_thread)] [stream_progress] - SSE connect request for upload_id: 718f9569-c1f7-4e80-863a-2108fbb91494
2025-04-29 16:31:23,743 - WARNING - [Thread-23 (process_request_thread)] [stream_progress] - Upload ID '718f9569-c1f7-4e80-863a-2108fbb91494' unknown or finalized (Status:unknown).
2025-04-29 16:31:23,759 - INFO - [Thread-23 (process_request_thread)] [_log] - 192.168.1.25 - - [29/Apr/2025 16:31:23] "GET /stream-progress/718f9569-c1f7-4e80-863a-2108fbb91494 HTTP/1.1" 200 -
2025-04-29 16:31:26,782 - INFO - [Thread-24 (process_request_thread)] [stream_progress] - SSE connect request for upload_id: 718f9569-c1f7-4e80-863a-2108fbb91494
2025-04-29 16:31:26,782 - WARNING - [Thread-24 (process_request_thread)] [stream_progress] - Upload ID '718f9569-c1f7-4e80-863a-2108fbb91494' unknown or finalized (Status:unknown).
2025-04-29 16:31:26,782 - INFO - [Thread-24 (process_request_thread)] [_log] - 192.168.1.25 - - [29/Apr/2025 16:31:26] "GET /stream-progress/718f9569-c1f7-4e80-863a-2108fbb91494 HTTP/1.1" 200 -
2025-04-29 16:31:29,805 - INFO - [Thread-25 (process_request_thread)] [stream_progress] - SSE connect request for upload_id: 718f9569-c1f7-4e80-863a-2108fbb91494
2025-04-29 16:31:29,805 - WARNING - [Thread-25 (process_request_thread)] [stream_progress] - Upload ID '718f9569-c1f7-4e80-863a-2108fbb91494' unknown or finalized (Status:unknown).
2025-04-29 16:31:29,805 - INFO - [Thread-25 (process_request_thread)] [_log] - 192.168.1.25 - - [29/Apr/2025 16:31:29] "GET /stream-progress/718f9569-c1f7-4e80-863a-2108fbb91494 HTTP/1.1" 200 -
2025-04-29 16:31:31,475 - WARNING - [Thread-7 (process_request_thread)] [send_file_to_telegram] - [ChatID -4603853425, File 'WindsurfUserSetup-x64-1.7.1 (1).zip.part_002'] Connection error attempt 3: ('Connection aborted.', TimeoutError('The write operation timed out'))
2025-04-29 16:31:31,475 - INFO - [Thread-7 (process_request_thread)] [send_file_to_telegram] - [ChatID -4603853425, File 'WindsurfUserSetup-x64-1.7.1 (1).zip.part_002'] Retrying in 2s...
2025-04-29 16:31:32,829 - INFO - [Thread-26 (process_request_thread)] [stream_progress] - SSE connect request for upload_id: 718f9569-c1f7-4e80-863a-2108fbb91494
2025-04-29 16:31:32,830 - WARNING - [Thread-26 (process_request_thread)] [stream_progress] - Upload ID '718f9569-c1f7-4e80-863a-2108fbb91494' unknown or finalized (Status:unknown).
2025-04-29 16:31:32,830 - INFO - [Thread-26 (process_request_thread)] [_log] - 192.168.1.25 - - [29/Apr/2025 16:31:32] "GET /stream-progress/718f9569-c1f7-4e80-863a-2108fbb91494 HTTP/1.1" 200 -
2025-04-29 16:31:35,845 - INFO - [Thread-27 (process_request_thread)] [stream_progress] - SSE connect request for upload_id: 718f9569-c1f7-4e80-863a-2108fbb91494
2025-04-29 16:31:35,845 - WARNING - [Thread-27 (process_request_thread)] [stream_progress] - Upload ID '718f9569-c1f7-4e80-863a-2108fbb91494' unknown or finalized (Status:unknown).
2025-04-29 16:31:35,858 - INFO - [Thread-27 (process_request_thread)] [_log] - 192.168.1.25 - - [29/Apr/2025 16:31:35] "GET /stream-progress/718f9569-c1f7-4e80-863a-2108fbb91494 HTTP/1.1" 200 -
2025-04-29 16:31:38,889 - INFO - [Thread-28 (process_request_thread)] [stream_progress] - SSE connect request for upload_id: 718f9569-c1f7-4e80-863a-2108fbb91494
2025-04-29 16:31:38,890 - WARNING - [Thread-28 (process_request_thread)] [stream_progress] - Upload ID '718f9569-c1f7-4e80-863a-2108fbb91494' unknown or finalized (Status:unknown).
2025-04-29 16:31:38,891 - INFO - [Thread-28 (process_request_thread)] [_log] - 192.168.1.25 - - [29/Apr/2025 16:31:38] "GET /stream-progress/718f9569-c1f7-4e80-863a-2108fbb91494 HTTP/1.1" 200 -
2025-04-29 16:31:41,913 - INFO - [Thread-29 (process_request_thread)] [stream_progress] - SSE connect request for upload_id: 718f9569-c1f7-4e80-863a-2108fbb91494
2025-04-29 16:31:41,913 - WARNING - [Thread-29 (process_request_thread)] [stream_progress] - Upload ID '718f9569-c1f7-4e80-863a-2108fbb91494' unknown or finalized (Status:unknown).
2025-04-29 16:31:41,913 - INFO - [Thread-29 (process_request_thread)] [_log] - 192.168.1.25 - - [29/Apr/2025 16:31:41] "GET /stream-progress/718f9569-c1f7-4e80-863a-2108fbb91494 HTTP/1.1" 200 -
2025-04-29 16:31:43,790 - WARNING - [Thread-7 (process_request_thread)] [send_file_to_telegram] - [ChatID -4603853425, File 'WindsurfUserSetup-x64-1.7.1 (1).zip.part_002'] Connection error attempt 4: HTTPSConnectionPool(host='api.telegram.org', port=443): Max retries exceeded with url: /bot7812479394:AAFrzOcHGKfc-1iOUbVEkptJkooaJrXHAxs/sendDocument (Caused by SSLError(SSLWantWriteError(3, 'The operation did not complete (write) (_ssl.c:2427)')))
2025-04-29 16:31:43,790 - ERROR - [Thread-7 (process_request_thread)] [send_file_to_telegram] - [ChatID -4603853425, File 'WindsurfUserSetup-x64-1.7.1 (1).zip.part_002'] Send failed after 4 attempts.
urllib3.exceptions.SSLError: The operation did not complete (write) (_ssl.c:2427)

The above exception was the direct cause of the following exception:

Traceback (most recent call last):
  File "E:\Telegram_tool\Telegram_Bot_Tool\.venv\Lib\site-packages\requests\adapters.py", line 667, in send
    resp = conn.urlopen(
           ^^^^^^^^^^^^^
  File "E:\Telegram_tool\Telegram_Bot_Tool\.venv\Lib\site-packages\urllib3\connectionpool.py", line 841, in urlopen
    retries = retries.increment(
              ^^^^^^^^^^^^^^^^^^
  File "E:\Telegram_tool\Telegram_Bot_Tool\.venv\Lib\site-packages\urllib3\util\retry.py", line 519, in increment
    raise MaxRetryError(_pool, url, reason) from reason  # type: ignore[arg-type]
    ^^^^^^^^^^^^^^^^^^^^^^^^^^^^^^^^^^^^^^^^^^^^^^^^^^^
urllib3.exceptions.MaxRetryError: HTTPSConnectionPool(host='api.telegram.org', port=443): Max retries exceeded with url: /bot7812479394:AAFrzOcHGKfc-1iOUbVEkptJkooaJrXHAxs/sendDocument (Caused by SSLError(SSLWantWriteError(3, 'The operation did not complete (write) (_ssl.c:2427)')))

During handling of the above exception, another exception occurred:

Traceback (most recent call last):
  File "E:\Telegram_tool\Telegram_Bot_Tool\telegram_api.py", line 51, in send_file_to_telegram
    response = session.post(
               ^^^^^^^^^^^^^
  File "E:\Telegram_tool\Telegram_Bot_Tool\.venv\Lib\site-packages\requests\sessions.py", line 637, in post
    return self.request("POST", url, data=data, json=json, **kwargs)
           ^^^^^^^^^^^^^^^^^^^^^^^^^^^^^^^^^^^^^^^^^^^^^^^^^^^^^^^^^
  File "E:\Telegram_tool\Telegram_Bot_Tool\.venv\Lib\site-packages\requests\sessions.py", line 589, in request
    resp = self.send(prep, **send_kwargs)
           ^^^^^^^^^^^^^^^^^^^^^^^^^^^^^^
  File "E:\Telegram_tool\Telegram_Bot_Tool\.venv\Lib\site-packages\requests\sessions.py", line 703, in send
    r = adapter.send(request, **kwargs)
        ^^^^^^^^^^^^^^^^^^^^^^^^^^^^^^^
  File "E:\Telegram_tool\Telegram_Bot_Tool\.venv\Lib\site-packages\requests\adapters.py", line 698, in send
    raise SSLError(e, request=request)
requests.exceptions.SSLError: HTTPSConnectionPool(host='api.telegram.org', port=443): Max retries exceeded with url: /bot7812479394:AAFrzOcHGKfc-1iOUbVEkptJkooaJrXHAxs/sendDocument (Caused by SSLError(SSLWantWriteError(3, 'The operation did not complete (write) (_ssl.c:2427)')))
2025-04-29 16:31:43,866 - INFO - [Thread-7 (process_request_thread)] [_send_chunk_task] - [8ee0a847-4cdb-4ab2-84f5-485b2f1e4709] T> Sent chunk 2 to -4603853425. Success: False
2025-04-29 16:31:43,876 - INFO - [Thread-7 (process_request_thread)] [_safe_remove_file] - [8ee0a847-4cdb-4ab2-84f5-485b2f1e4709] Cleaned up large compressed temp: E:\Telegram_tool\Telegram_Bot_Tool\uploads_temp\8ee0a847-4cdb-4ab2-84f5-485b2f1e4709_comp_fquc65z4.zip
2025-04-29 16:31:43,877 - ERROR - [Thread-7 (process_request_thread)] [process_upload_and_generate_updates] - [8ee0a847-4cdb-4ab2-84f5-485b2f1e4709] Upload failed: Primary fail chunk 2: Failed after multiple attempts: HTTPSConnectionPool(host='api.telegram.org', port=443): Max retries exceeded with url: /bot7812479394:AAFrzOcHGKfc-1iOUbVEkptJkooaJrXHAxs/sendDocument (Caused by SSLError(SSLWantWriteError(3, 'The operation did not complete (write) (_ssl.c:2427)')))
Traceback (most recent call last):
  File "E:\Telegram_tool\Telegram_Bot_Tool\routes.py", line 308, in process_upload_and_generate_updates
    if cid == str(PRIMARY_TELEGRAM_CHAT_ID) and not res[0]: raise IOError(f"Primary fail chunk {chunk_num}: {res[1]}")
                                                            ^^^^^^^^^^^^^^^^^^^^^^^^^^^^^^^^^^^^^^^^^^^^^^^^^^^^^^^^^^
OSError: Primary fail chunk 2: Failed after multiple attempts: HTTPSConnectionPool(host='api.telegram.org', port=443): Max retries exceeded with url: /bot7812479394:AAFrzOcHGKfc-1iOUbVEkptJkooaJrXHAxs/sendDocument (Caused by SSLError(SSLWantWriteError(3, 'The operation did not complete (write) (_ssl.c:2427)')))
2025-04-29 16:31:43,899 - INFO - [Thread-7 (process_request_thread)] [process_upload_and_generate_updates] - [8ee0a847-4cdb-4ab2-84f5-485b2f1e4709] Upload generator cleanup.
2025-04-29 16:31:43,913 - INFO - [Thread-7 (process_request_thread)] [_safe_remove_file] - [8ee0a847-4cdb-4ab2-84f5-485b2f1e4709] Cleaned up original temp: uploads_temp\8ee0a847-4cdb-4ab2-84f5-485b2f1e4709_WindsurfUserSetup-x64-1.7.1 (1).exe
2025-04-29 16:31:43,914 - INFO - [Thread-7 (process_request_thread)] [process_upload_and_generate_updates] - [8ee0a847-4cdb-4ab2-84f5-485b2f1e4709] Upload generator finished. Status: error
