2025-04-29 16:25:58,312 - INFO - [MainThread] [<module>] - ============================================================
2025-04-29 16:25:58,312 - INFO - [MainThread] [<module>] - Logging configured. Level: INFO. Log file: Selenium-Logs\app_20250429_162558.log
2025-04-29 16:25:58,313 - INFO - [MainThread] [<module>] - Primary Chat ID: -4603853425
2025-04-29 16:25:58,313 - INFO - [MainThread] [<module>] - All Target Chat IDs: ['-4603853425']
2025-04-29 16:25:58,313 - INFO - [MainThread] [<module>] - Chunk Size: 51380224 bytes
2025-04-29 16:25:58,314 - INFO - [MainThread] [<module>] - API Timeouts (Connect/Read): 10s / 60s
2025-04-29 16:25:58,314 - INFO - [MainThread] [<module>] - API Retries: 3 attempts, 2s delay
2025-04-29 16:25:58,315 - INFO - [MainThread] [<module>] - Max Upload Workers: 3
2025-04-29 16:25:58,315 - INFO - [MainThread] [<module>] - Max Download Workers: 12
2025-04-29 16:25:58,316 - INFO - [MainThread] [<module>] - ============================================================
2025-04-29 16:25:58,316 - INFO - [MainThread] [<module>] - Configuration loaded successfully.
2025-04-29 16:25:58,316 - INFO - [MainThread] [<module>] - Utility functions defined.
2025-04-29 16:25:58,316 - INFO - [MainThread] [<module>] - Custom Jinja filter 'format_bytes' registered.
2025-04-29 16:25:58,316 - INFO - [MainThread] [<module>] - Flask-CORS initialized. Allowing origins: http://localhost:4200
2025-04-29 16:25:58,316 - INFO - [MainThread] [<module>] - Flask application initialized.
2025-04-29 16:25:58,316 - INFO - [MainThread] [<module>] - Global state variables initialized (upload_progress_data, download_prep_data).
2025-04-29 16:25:58,321 - INFO - [MainThread] [<module>] - Custom Jinja filter 'format_bytes' registered.
2025-04-29 16:25:58,321 - INFO - [MainThread] [<module>] - Flask-CORS initialized. Allowing origins: http://localhost:4200
2025-04-29 16:25:58,322 - INFO - [MainThread] [<module>] - Flask application initialized.
2025-04-29 16:25:58,322 - INFO - [MainThread] [<module>] - Global state variables initialized (upload_progress_data, download_prep_data).
2025-04-29 16:25:58,760 - INFO - [MainThread] [<module>] - Initialized requests.Session for Telegram API calls.
2025-04-29 16:25:58,760 - INFO - [MainThread] [<module>] - Telegram API functions defined with Session and Retries.
2025-04-29 16:25:58,760 - INFO - [MainThread] [<module>] - Flask routes defined using configurable workers and linter fixes.
2025-04-29 16:25:58,760 - INFO - [MainThread] [<module>] - Starting Flask development server...
2025-04-29 16:25:58,803 - WARNING - [MainThread] [_log] -  * Debugger is active!
2025-04-29 16:25:58,803 - INFO - [MainThread] [_log] -  * Debugger PIN: 107-410-311
2025-04-29 16:26:02,022 - INFO - [Thread-3 (process_request_thread)] [index] - Serving index page.
2025-04-29 16:26:02,040 - INFO - [Thread-3 (process_request_thread)] [_log] - 127.0.0.1 - - [29/Apr/2025 16:26:02] "GET / HTTP/1.1" 200 -
2025-04-29 16:26:15,546 - INFO - [Thread-2 (process_request_thread)] [initiate_upload] - Request initiate upload.
2025-04-29 16:26:16,535 - INFO - [Thread-2 (process_request_thread)] [initiate_upload] - [8efc7822-a2ca-450c-b764-c943fb0cbe8f] Temp storage: uploads_temp\8efc7822-a2ca-450c-b764-c943fb0cbe8f_Hellbound S02 E01 WebRip 480p x265 10bit Hindi English MSubs.mkv
2025-04-29 16:26:16,705 - INFO - [Thread-2 (process_request_thread)] [initiate_upload] - [8efc7822-a2ca-450c-b764-c943fb0cbe8f] Temp saved: 'Hellbound S02 E01 WebRip 480p x265 10bit Hindi English MSubs.mkv'.
2025-04-29 16:26:16,717 - INFO - [Thread-2 (process_request_thread)] [_log] - 127.0.0.1 - - [29/Apr/2025 16:26:16] "POST /initiate-upload HTTP/1.1" 200 -
2025-04-29 16:26:16,723 - INFO - [Thread-4 (process_request_thread)] [stream_progress] - SSE connect request for upload_id: 8efc7822-a2ca-450c-b764-c943fb0cbe8f
2025-04-29 16:26:16,724 - INFO - [Thread-4 (process_request_thread)] [process_upload_and_generate_updates] - [8efc7822-a2ca-450c-b764-c943fb0cbe8f] Starting processing generator...
2025-04-29 16:26:16,725 - INFO - [Thread-4 (process_request_thread)] [process_upload_and_generate_updates] - [8efc7822-a2ca-450c-b764-c943fb0cbe8f] Processing: User='ELENA', File='Hellbound S02 E01 WebRip 480p x265 10bit Hindi English MSubs.mkv'
2025-04-29 16:26:16,725 - INFO - [Thread-4 (process_request_thread)] [_log] - 127.0.0.1 - - [29/Apr/2025 16:26:16] "GET /stream-progress/8efc7822-a2ca-450c-b764-c943fb0cbe8f HTTP/1.1" 200 -
2025-04-29 16:26:16,726 - INFO - [Thread-4 (process_request_thread)] [process_upload_and_generate_updates] - [8efc7822-a2ca-450c-b764-c943fb0cbe8f] Access ID: 1ff0b21544
2025-04-29 16:26:16,726 - INFO - [Thread-4 (process_request_thread)] [process_upload_and_generate_updates] - [8efc7822-a2ca-450c-b764-c943fb0cbe8f] Large file workflow.
2025-04-29 16:26:21,124 - INFO - [Thread-4 (process_request_thread)] [process_upload_and_generate_updates] - [8efc7822-a2ca-450c-b764-c943fb0cbe8f] Compressed to 129562686 bytes in 4.40s.
2025-04-29 16:26:21,167 - INFO - [Thread-4 (process_request_thread)] [process_upload_and_generate_updates] - [8efc7822-a2ca-450c-b764-c943fb0cbe8f] Read chunk 1 (51380224 bytes). Name: 'Hellbound S02 E01 WebRip 480p x265 10bit Hindi English MSubs.zip.part_001'
2025-04-29 16:26:21,168 - INFO - [Thread-4 (process_request_thread)] [_send_chunk_task] - [8efc7822-a2ca-450c-b764-c943fb0cbe8f] T> Sending chunk 1 ('Hellbound S02 E01 WebRip 480p x265 10bit Hindi English MSubs.zip.part_001') to -4603853425
2025-04-29 16:26:21,169 - INFO - [Thread-4 (process_request_thread)] [send_file_to_telegram] - [ChatID -4603853425, File 'Hellbound S02 E01 WebRip 480p x265 10bit Hindi English MSubs.zip.part_001'] Attempting send.
2025-04-29 16:26:31,577 - WARNING - [Thread-4 (process_request_thread)] [send_file_to_telegram] - [ChatID -4603853425, File 'Hellbound S02 E01 WebRip 480p x265 10bit Hindi English MSubs.zip.part_001'] Connection error attempt 1: ('Connection aborted.', TimeoutError('The write operation timed out'))
2025-04-29 16:26:31,577 - INFO - [Thread-4 (process_request_thread)] [send_file_to_telegram] - [ChatID -4603853425, File 'Hellbound S02 E01 WebRip 480p x265 10bit Hindi English MSubs.zip.part_001'] Retrying in 2s...
2025-04-29 16:26:43,927 - WARNING - [Thread-4 (process_request_thread)] [send_file_to_telegram] - [ChatID -4603853425, File 'Hellbound S02 E01 WebRip 480p x265 10bit Hindi English MSubs.zip.part_001'] Connection error attempt 2: ('Connection aborted.', TimeoutError('The write operation timed out'))
2025-04-29 16:26:43,928 - INFO - [Thread-4 (process_request_thread)] [send_file_to_telegram] - [ChatID -4603853425, File 'Hellbound S02 E01 WebRip 480p x265 10bit Hindi English MSubs.zip.part_001'] Retrying in 2s...
2025-04-29 16:26:56,259 - WARNING - [Thread-4 (process_request_thread)] [send_file_to_telegram] - [ChatID -4603853425, File 'Hellbound S02 E01 WebRip 480p x265 10bit Hindi English MSubs.zip.part_001'] Connection error attempt 3: HTTPSConnectionPool(host='api.telegram.org', port=443): Max retries exceeded with url: /bot7812479394:AAFrzOcHGKfc-1iOUbVEkptJkooaJrXHAxs/sendDocument (Caused by SSLError(SSLWantWriteError(3, 'The operation did not complete (write) (_ssl.c:2427)')))
2025-04-29 16:26:56,259 - INFO - [Thread-4 (process_request_thread)] [send_file_to_telegram] - [ChatID -4603853425, File 'Hellbound S02 E01 WebRip 480p x265 10bit Hindi English MSubs.zip.part_001'] Retrying in 2s...
2025-04-29 16:27:07,777 - INFO - [Thread-5 (process_request_thread)] [initiate_upload] - Request initiate upload.
2025-04-29 16:27:07,792 - INFO - [Thread-5 (process_request_thread)] [initiate_upload] - [ba4a6753-a899-437f-aee8-8af3c6bf1e93] Temp storage: uploads_temp\ba4a6753-a899-437f-aee8-8af3c6bf1e93_auth.ts
2025-04-29 16:27:07,792 - INFO - [Thread-5 (process_request_thread)] [initiate_upload] - [ba4a6753-a899-437f-aee8-8af3c6bf1e93] Temp saved: 'auth.ts'.
2025-04-29 16:27:07,792 - INFO - [Thread-5 (process_request_thread)] [_log] - 192.168.1.25 - - [29/Apr/2025 16:27:07] "POST /initiate-upload HTTP/1.1" 200 -
2025-04-29 16:27:07,820 - INFO - [Thread-6 (process_request_thread)] [stream_progress] - SSE connect request for upload_id: ba4a6753-a899-437f-aee8-8af3c6bf1e93
2025-04-29 16:27:07,820 - INFO - [Thread-6 (process_request_thread)] [process_upload_and_generate_updates] - [ba4a6753-a899-437f-aee8-8af3c6bf1e93] Starting processing generator...
2025-04-29 16:27:07,820 - INFO - [Thread-6 (process_request_thread)] [process_upload_and_generate_updates] - [ba4a6753-a899-437f-aee8-8af3c6bf1e93] Processing: User='LuminaryNavigator', File='auth.ts'
2025-04-29 16:27:07,820 - INFO - [Thread-6 (process_request_thread)] [_log] - 192.168.1.25 - - [29/Apr/2025 16:27:07] "GET /stream-progress/ba4a6753-a899-437f-aee8-8af3c6bf1e93 HTTP/1.1" 200 -
2025-04-29 16:27:07,820 - INFO - [Thread-6 (process_request_thread)] [process_upload_and_generate_updates] - [ba4a6753-a899-437f-aee8-8af3c6bf1e93] Access ID: 8b32cd93fc
2025-04-29 16:27:07,829 - INFO - [Thread-6 (process_request_thread)] [process_upload_and_generate_updates] - [ba4a6753-a899-437f-aee8-8af3c6bf1e93] Single file workflow.
2025-04-29 16:27:07,851 - INFO - [Thread-6 (process_request_thread)] [process_upload_and_generate_updates] - [ba4a6753-a899-437f-aee8-8af3c6bf1e93] Compressed size: 1581
2025-04-29 16:27:07,851 - INFO - [Thread-6 (process_request_thread)] [_send_single_file_task] - [ba4a6753-a899-437f-aee8-8af3c6bf1e93] T> Sending 'auth.zip' (1581b) to -4603853425
2025-04-29 16:27:07,852 - INFO - [Thread-6 (process_request_thread)] [send_file_to_telegram] - [ChatID -4603853425, File 'auth.zip'] Attempting send.
2025-04-29 16:27:08,581 - WARNING - [Thread-4 (process_request_thread)] [send_file_to_telegram] - [ChatID -4603853425, File 'Hellbound S02 E01 WebRip 480p x265 10bit Hindi English MSubs.zip.part_001'] Connection error attempt 4: ('Connection aborted.', TimeoutError('The write operation timed out'))
2025-04-29 16:27:08,582 - ERROR - [Thread-4 (process_request_thread)] [send_file_to_telegram] - [ChatID -4603853425, File 'Hellbound S02 E01 WebRip 480p x265 10bit Hindi English MSubs.zip.part_001'] Send failed after 4 attempts.
Traceback (most recent call last):
  File "E:\Telegram_tool\Telegram_Bot_Tool\.venv\Lib\site-packages\urllib3\connectionpool.py", line 787, in urlopen
    response = self._make_request(
               ^^^^^^^^^^^^^^^^^^^
  File "E:\Telegram_tool\Telegram_Bot_Tool\.venv\Lib\site-packages\urllib3\connectionpool.py", line 493, in _make_request
    conn.request(
  File "E:\Telegram_tool\Telegram_Bot_Tool\.venv\Lib\site-packages\urllib3\connection.py", line 459, in request
    self.send(chunk)
  File "C:\Users\DELL\AppData\Local\Programs\Python\Python311\Lib\http\client.py", line 1019, in send
    self.sock.sendall(data)
  File "C:\Users\DELL\AppData\Local\Programs\Python\Python311\Lib\ssl.py", line 1273, in sendall
    v = self.send(byte_view[count:])
        ^^^^^^^^^^^^^^^^^^^^^^^^^^^^
  File "C:\Users\DELL\AppData\Local\Programs\Python\Python311\Lib\ssl.py", line 1242, in send
    return self._sslobj.write(data)
           ^^^^^^^^^^^^^^^^^^^^^^^^
TimeoutError: The write operation timed out

During handling of the above exception, another exception occurred:

Traceback (most recent call last):
  File "E:\Telegram_tool\Telegram_Bot_Tool\.venv\Lib\site-packages\requests\adapters.py", line 667, in send
    resp = conn.urlopen(
           ^^^^^^^^^^^^^
  File "E:\Telegram_tool\Telegram_Bot_Tool\.venv\Lib\site-packages\urllib3\connectionpool.py", line 841, in urlopen
    retries = retries.increment(
              ^^^^^^^^^^^^^^^^^^
  File "E:\Telegram_tool\Telegram_Bot_Tool\.venv\Lib\site-packages\urllib3\util\retry.py", line 474, in increment
    raise reraise(type(error), error, _stacktrace)
          ^^^^^^^^^^^^^^^^^^^^^^^^^^^^^^^^^^^^^^^^
  File "E:\Telegram_tool\Telegram_Bot_Tool\.venv\Lib\site-packages\urllib3\util\util.py", line 38, in reraise
    raise value.with_traceback(tb)
  File "E:\Telegram_tool\Telegram_Bot_Tool\.venv\Lib\site-packages\urllib3\connectionpool.py", line 787, in urlopen
    response = self._make_request(
               ^^^^^^^^^^^^^^^^^^^
  File "E:\Telegram_tool\Telegram_Bot_Tool\.venv\Lib\site-packages\urllib3\connectionpool.py", line 493, in _make_request
    conn.request(
  File "E:\Telegram_tool\Telegram_Bot_Tool\.venv\Lib\site-packages\urllib3\connection.py", line 459, in request
    self.send(chunk)
  File "C:\Users\DELL\AppData\Local\Programs\Python\Python311\Lib\http\client.py", line 1019, in send
    self.sock.sendall(data)
  File "C:\Users\DELL\AppData\Local\Programs\Python\Python311\Lib\ssl.py", line 1273, in sendall
    v = self.send(byte_view[count:])
        ^^^^^^^^^^^^^^^^^^^^^^^^^^^^
  File "C:\Users\DELL\AppData\Local\Programs\Python\Python311\Lib\ssl.py", line 1242, in send
    return self._sslobj.write(data)
           ^^^^^^^^^^^^^^^^^^^^^^^^
urllib3.exceptions.ProtocolError: ('Connection aborted.', TimeoutError('The write operation timed out'))

During handling of the above exception, another exception occurred:

Traceback (most recent call last):
  File "E:\Telegram_tool\Telegram_Bot_Tool\telegram_api.py", line 51, in send_file_to_telegram
    response = session.post(
               ^^^^^^^^^^^^^
  File "E:\Telegram_tool\Telegram_Bot_Tool\.venv\Lib\site-packages\requests\sessions.py", line 637, in post
    return self.request("POST", url, data=data, json=json, **kwargs)
           ^^^^^^^^^^^^^^^^^^^^^^^^^^^^^^^^^^^^^^^^^^^^^^^^^^^^^^^^^
  File "E:\Telegram_tool\Telegram_Bot_Tool\.venv\Lib\site-packages\requests\sessions.py", line 589, in request
    resp = self.send(prep, **send_kwargs)
           ^^^^^^^^^^^^^^^^^^^^^^^^^^^^^^
  File "E:\Telegram_tool\Telegram_Bot_Tool\.venv\Lib\site-packages\requests\sessions.py", line 703, in send
    r = adapter.send(request, **kwargs)
        ^^^^^^^^^^^^^^^^^^^^^^^^^^^^^^^
  File "E:\Telegram_tool\Telegram_Bot_Tool\.venv\Lib\site-packages\requests\adapters.py", line 682, in send
    raise ConnectionError(err, request=request)
requests.exceptions.ConnectionError: ('Connection aborted.', TimeoutError('The write operation timed out'))
2025-04-29 16:27:08,739 - INFO - [Thread-6 (process_request_thread)] [send_file_to_telegram] - [ChatID -4603853425, File 'auth.zip'] API success (Attempt 1).
2025-04-29 16:27:08,750 - INFO - [Thread-4 (process_request_thread)] [_send_chunk_task] - [8efc7822-a2ca-450c-b764-c943fb0cbe8f] T> Sent chunk 1 to -4603853425. Success: False
2025-04-29 16:27:08,750 - INFO - [Thread-6 (process_request_thread)] [_send_single_file_task] - [ba4a6753-a899-437f-aee8-8af3c6bf1e93] T> Sent 'auth.zip' to -4603853425. Success: True
2025-04-29 16:27:08,752 - INFO - [Thread-6 (process_request_thread)] [process_upload_and_generate_updates] - [ba4a6753-a899-437f-aee8-8af3c6bf1e93] Single sends done in 0.90s.
2025-04-29 16:27:08,752 - INFO - [Thread-6 (process_request_thread)] [process_upload_and_generate_updates] - [ba4a6753-a899-437f-aee8-8af3c6bf1e93] Success: 1/1
2025-04-29 16:27:08,756 - INFO - [Thread-4 (process_request_thread)] [_safe_remove_file] - [8efc7822-a2ca-450c-b764-c943fb0cbe8f] Cleaned up large compressed temp: E:\Telegram_tool\Telegram_Bot_Tool\uploads_temp\8efc7822-a2ca-450c-b764-c943fb0cbe8f_comp_lfsufeof.zip
2025-04-29 16:27:08,756 - ERROR - [Thread-4 (process_request_thread)] [process_upload_and_generate_updates] - [8efc7822-a2ca-450c-b764-c943fb0cbe8f] Upload failed: Primary fail chunk 1: Failed after multiple attempts: ('Connection aborted.', TimeoutError('The write operation timed out'))
Traceback (most recent call last):
  File "E:\Telegram_tool\Telegram_Bot_Tool\routes.py", line 308, in process_upload_and_generate_updates
    if cid == str(PRIMARY_TELEGRAM_CHAT_ID) and not res[0]: raise IOError(f"Primary fail chunk {chunk_num}: {res[1]}")
                                                            ^^^^^^^^^^^^^^^^^^^^^^^^^^^^^^^^^^^^^^^^^^^^^^^^^^^^^^^^^^
OSError: Primary fail chunk 1: Failed after multiple attempts: ('Connection aborted.', TimeoutError('The write operation timed out'))
2025-04-29 16:27:08,766 - INFO - [Thread-6 (process_request_thread)] [load_metadata] - Successfully loaded metadata from 'metadata.json'.
2025-04-29 16:27:08,769 - INFO - [Thread-4 (process_request_thread)] [process_upload_and_generate_updates] - [8efc7822-a2ca-450c-b764-c943fb0cbe8f] Upload generator cleanup.
2025-04-29 16:27:08,778 - INFO - [Thread-6 (process_request_thread)] [save_metadata] - Successfully saved metadata to 'metadata.json'.
2025-04-29 16:27:08,778 - INFO - [Thread-6 (process_request_thread)] [process_upload_and_generate_updates] - [ba4a6753-a899-437f-aee8-8af3c6bf1e93] Upload generator cleanup.
2025-04-29 16:27:08,785 - INFO - [Thread-4 (process_request_thread)] [_safe_remove_file] - [8efc7822-a2ca-450c-b764-c943fb0cbe8f] Cleaned up original temp: uploads_temp\8efc7822-a2ca-450c-b764-c943fb0cbe8f_Hellbound S02 E01 WebRip 480p x265 10bit Hindi English MSubs.mkv
2025-04-29 16:27:08,785 - INFO - [Thread-6 (process_request_thread)] [_safe_remove_file] - [ba4a6753-a899-437f-aee8-8af3c6bf1e93] Cleaned up original temp: uploads_temp\ba4a6753-a899-437f-aee8-8af3c6bf1e93_auth.ts
2025-04-29 16:27:08,785 - INFO - [Thread-4 (process_request_thread)] [process_upload_and_generate_updates] - [8efc7822-a2ca-450c-b764-c943fb0cbe8f] Upload generator finished. Status: error
2025-04-29 16:27:08,785 - INFO - [Thread-6 (process_request_thread)] [process_upload_and_generate_updates] - [ba4a6753-a899-437f-aee8-8af3c6bf1e93] Upload generator finished. Status: completed
2025-04-29 16:27:11,827 - INFO - [Thread-7 (process_request_thread)] [stream_progress] - SSE connect request for upload_id: ba4a6753-a899-437f-aee8-8af3c6bf1e93
2025-04-29 16:27:11,827 - WARNING - [Thread-7 (process_request_thread)] [stream_progress] - Upload ID 'ba4a6753-a899-437f-aee8-8af3c6bf1e93' unknown or finalized (Status:completed).
2025-04-29 16:27:11,829 - INFO - [Thread-7 (process_request_thread)] [_log] - 192.168.1.25 - - [29/Apr/2025 16:27:11] "GET /stream-progress/ba4a6753-a899-437f-aee8-8af3c6bf1e93 HTTP/1.1" 200 -
2025-04-29 16:27:14,862 - INFO - [Thread-8 (process_request_thread)] [stream_progress] - SSE connect request for upload_id: ba4a6753-a899-437f-aee8-8af3c6bf1e93
2025-04-29 16:27:14,862 - WARNING - [Thread-8 (process_request_thread)] [stream_progress] - Upload ID 'ba4a6753-a899-437f-aee8-8af3c6bf1e93' unknown or finalized (Status:completed).
2025-04-29 16:27:14,862 - INFO - [Thread-8 (process_request_thread)] [_log] - 192.168.1.25 - - [29/Apr/2025 16:27:14] "GET /stream-progress/ba4a6753-a899-437f-aee8-8af3c6bf1e93 HTTP/1.1" 200 -
2025-04-29 16:27:17,894 - INFO - [Thread-9 (process_request_thread)] [stream_progress] - SSE connect request for upload_id: ba4a6753-a899-437f-aee8-8af3c6bf1e93
2025-04-29 16:27:17,894 - WARNING - [Thread-9 (process_request_thread)] [stream_progress] - Upload ID 'ba4a6753-a899-437f-aee8-8af3c6bf1e93' unknown or finalized (Status:completed).
2025-04-29 16:27:17,894 - INFO - [Thread-9 (process_request_thread)] [_log] - 192.168.1.25 - - [29/Apr/2025 16:27:17] "GET /stream-progress/ba4a6753-a899-437f-aee8-8af3c6bf1e93 HTTP/1.1" 200 -
2025-04-29 16:27:20,919 - INFO - [Thread-10 (process_request_thread)] [stream_progress] - SSE connect request for upload_id: ba4a6753-a899-437f-aee8-8af3c6bf1e93
2025-04-29 16:27:20,919 - WARNING - [Thread-10 (process_request_thread)] [stream_progress] - Upload ID 'ba4a6753-a899-437f-aee8-8af3c6bf1e93' unknown or finalized (Status:completed).
2025-04-29 16:27:20,919 - INFO - [Thread-10 (process_request_thread)] [_log] - 192.168.1.25 - - [29/Apr/2025 16:27:20] "GET /stream-progress/ba4a6753-a899-437f-aee8-8af3c6bf1e93 HTTP/1.1" 200 -
2025-04-29 16:27:21,496 - INFO - [Thread-11 (process_request_thread)] [list_user_files] - List files request for: 'LuminaryNavigator'
2025-04-29 16:27:21,496 - INFO - [Thread-11 (process_request_thread)] [load_metadata] - Successfully loaded metadata from 'metadata.json'.
2025-04-29 16:27:21,496 - INFO - [Thread-11 (process_request_thread)] [list_user_files] - Found 1 records for 'LuminaryNavigator'.
2025-04-29 16:27:21,513 - INFO - [Thread-11 (process_request_thread)] [_log] - 192.168.1.25 - - [29/Apr/2025 16:27:21] "GET /files/LuminaryNavigator HTTP/1.1" 200 -
2025-04-29 16:27:23,945 - INFO - [Thread-12 (process_request_thread)] [stream_progress] - SSE connect request for upload_id: ba4a6753-a899-437f-aee8-8af3c6bf1e93
2025-04-29 16:27:23,945 - WARNING - [Thread-12 (process_request_thread)] [stream_progress] - Upload ID 'ba4a6753-a899-437f-aee8-8af3c6bf1e93' unknown or finalized (Status:completed).
2025-04-29 16:27:23,946 - INFO - [Thread-12 (process_request_thread)] [_log] - 192.168.1.25 - - [29/Apr/2025 16:27:23] "GET /stream-progress/ba4a6753-a899-437f-aee8-8af3c6bf1e93 HTTP/1.1" 200 -
2025-04-29 16:27:26,973 - INFO - [Thread-13 (process_request_thread)] [stream_progress] - SSE connect request for upload_id: ba4a6753-a899-437f-aee8-8af3c6bf1e93
2025-04-29 16:27:26,973 - WARNING - [Thread-13 (process_request_thread)] [stream_progress] - Upload ID 'ba4a6753-a899-437f-aee8-8af3c6bf1e93' unknown or finalized (Status:completed).
2025-04-29 16:27:26,973 - INFO - [Thread-13 (process_request_thread)] [_log] - 192.168.1.25 - - [29/Apr/2025 16:27:26] "GET /stream-progress/ba4a6753-a899-437f-aee8-8af3c6bf1e93 HTTP/1.1" 200 -
2025-04-29 16:27:28,602 - INFO - [MainThread] [_log] -  * Detected change in 'E:\\Telegram_tool\\Telegram_Bot_Tool\\config.py', reloading
